../Core/Src/main.c:118:5:main	8	static,ignoring_inline_asm
../Core/Src/main.c:194:6:SystemClock_Config	88	static
../Core/Src/main.c:241:13:MX_RTC_Init	32	static
../Core/Src/main.c:314:13:MX_TIM6_Init	24	static
../Core/Src/main.c:352:13:MX_USART1_UART_Init	8	static
../Core/Src/main.c:400:13:MX_USART2_UART_Init	8	static
../Core/Src/main.c:446:13:MX_DMA_Init	16	static
../Core/Src/main.c:464:13:MX_GPIO_Init	48	static
../Core/Src/main.c:496:6:HAL_UARTEx_RxEventCallback	16	static,ignoring_inline_asm
../Core/Src/main.c:517:6:send2swarm_rt_query_rate	48	static
../Core/Src/main.c:536:6:send2swarm_rt_0	48	static
../Core/Src/main.c:558:6:send2swarm_at_command	48	static
../Core/Src/main.c:576:9:check_answer	16	static
../Core/Src/main.c:586:9:nmea_checksum	24	static
../Core/Src/main.c:596:6:HAL_TIM_PeriodElapsedCallback	16	static,ignoring_inline_asm
../Core/Src/main.c:613:6:Error_Handler	8	static,ignoring_inline_asm
