../Core/Src/main.c:103:5:main	8	static,ignoring_inline_asm
../Core/Src/main.c:164:6:SystemClock_Config	88	static
../Core/Src/main.c:211:13:MX_RTC_Init	32	static
../Core/Src/main.c:284:13:MX_TIM6_Init	24	static
../Core/Src/main.c:322:13:MX_USART1_UART_Init	8	static
../Core/Src/main.c:370:13:MX_USART2_UART_Init	8	static
../Core/Src/main.c:416:13:MX_DMA_Init	16	static
../Core/Src/main.c:434:13:MX_GPIO_Init	48	static
../Core/Src/main.c:466:6:HAL_UARTEx_RxEventCallback	16	static,ignoring_inline_asm
../Core/Src/main.c:487:6:send2swarm_rt_query_rate	48	static
../Core/Src/main.c:506:6:send2swarm_rt_0	48	static
../Core/Src/main.c:528:6:send2swarm_at_command	48	static
../Core/Src/main.c:546:9:check_answer	16	static
../Core/Src/main.c:556:9:nmea_checksum	24	static
../Core/Src/main.c:566:6:HAL_TIM_PeriodElapsedCallback	16	static,ignoring_inline_asm
../Core/Src/main.c:583:6:Error_Handler	8	static,ignoring_inline_asm
